Invoice for BigCo:
  Hamlet: $650.00 (55 seats)
  Hamlet: $400.00 (30 seats)
  As You Like It: $360.00 (20 seats)
  As You Like It: $580.00 (35 seats)
  Othello: $500.00 (40 seats)
Total Amount: $2,475.00
You earned 51 Fidelity Points.
You earned a discount of $15.00 due to your Fidelity Points!
Your new Fidelity Points Balance is 4.