<!DOCTYPE html>
<html>
<head>
<style>
table, th, td {border: 1px solid black;width: 25%;text-align: center;}
caption{padding-top: 10px;caption-side: bottom;}
</style>
</head>
<body>
<h1>Invoice</h1>
<p><b>Client: </b>BigCo</p>
<table>
<tr>
<th>Piece</th>
<th>Seats Sold</th>
<th>Price</th>
</tr>
<tr>
<td>Hamlet</td>
<td>55</td>
<td>$650.00</td>
</tr>
<tr>
<td>Hamlet</td>
<td>30</td>
<td>$400.00</td>
</tr>
<tr>
<td>As You Like It</td>
<td>35</td>
<td>$580.00</td>
</tr>
<tr>
<td>As You Like It</td>
<td>20</td>
<td>$360.00</td>
</tr>
<tr>
<td>Othello</td>
<td>40</td>
<td>$500.00</td>
</tr>
<tr>
<th colspan="2">Total Owed:</th>
<td>$1,730.00</td>
</tr>
<tr>
<th colspan="2">Fidelity Points Earned:</th>
<td>51</td>
</tr>
<tr>
<th colspan="2">Remaining Fidelity Points:</th>
<td>4</td>
</tr>
<caption><i>Payement is required in under 30 days. Daily newsletters that you can't unsubscribe from will be e-mailed to you if you don't.</i></caption>
</table>
</body>
</html>
